// Jest Snapshot v1, https://goo.gl/fbAQLP

exports[`<__NAME__/> rendering renders correctly 1`] = `undefined`;
